>>> text_indentation = __import__("5-text_indentation").text_indentation
>>> text_indentation("Hello. World")
Hello.
<BLANKLINE>
World
>>> text_indentation("Hi?Yes:Ok")
Hi?
<BLANKLINE>
Yes:
<BLANKLINE>
Ok
>>> text_indentation(123)
Traceback (most recent call last):
...
TypeError: text must be a string
>>> text_indentation("No punctuation")
No punctuation
